=== GPU ===

torch: 2.10.0+cu128

cuda available: True

/usr/local/lib/python3.12/dist-packages/torch/cuda/__init__.py:435: UserWarning: 

    Found GPU0 Tesla P100-PCIE-16GB which is of cuda capability 6.0.

    Minimum and Maximum cuda capability supported by this version of PyTorch is

    (7.0) - (12.0)

    

  queued_call()

/usr/local/lib/python3.12/dist-packages/torch/cuda/__init__.py:435: UserWarning: 

    Please install PyTorch with a following CUDA

    configurations:  12.6 following instructions at

    https://pytorch.org/get-started/locally/

    

  queued_call()

/usr/local/lib/python3.12/dist-packages/torch/cuda/__init__.py:435: UserWarning: 

Tesla P100-PCIE-16GB with CUDA capability sm_60 is not compatible with the current PyTorch installation.

The current PyTorch install supports CUDA capabilities sm_70 sm_75 sm_80 sm_86 sm_90 sm_100 sm_120.

If you want to use the Tesla P100-PCIE-16GB GPU with PyTorch, please check the instructions at https://pytorch.org/get-started/locally/



  queued_call()

device: Tesla P100-PCIE-16GB

vram GB: 17.1

Traceback (most recent call last):

  File "/kaggle/src/script.py", line 10, in <module>

    x = torch.randn(2048, 2048, device="cuda")

        ^^^^^^^^^^^^^^^^^^^^^^^^^^^^^^^^^^^^^^

torch.AcceleratorError: CUDA error: no kernel image is available for execution on the device

Search for `cudaErrorNoKernelImageForDevice' in https://docs.nvidia.com/cuda/cuda-runtime-api/group__CUDART__TYPES.html for more information.

CUDA kernel errors might be asynchronously reported at some other API call, so the stacktrace below might be incorrect.

For debugging consider passing CUDA_LAUNCH_BLOCKING=1

Compile with `TORCH_USE_CUDA_DSA` to enable device-side assertions.



/usr/local/lib/python3.12/dist-packages/mistune.py:435: SyntaxWarning: invalid escape sequence '\|'

  cells[i][c] = re.sub('\\\\\|', '|', cell)

/usr/local/lib/python3.12/dist-packages/nbconvert/filters/filter_links.py:36: SyntaxWarning: invalid escape sequence '\_'

  text = re.sub(r'_', '\_', text) # Escape underscores in display text

[NbConvertApp] Converting notebook __script__.ipynb to html

[NbConvertApp] Writing 280900 bytes to __results__.html
