[{"stream_name":"stdout","time":1.04858184,"data":"embedded source extracted to /kaggle/working/_code\n"}
,{"stream_name":"stdout","time":1.059201314,"data":"\n"}
,{"stream_name":"stdout","time":1.05923424,"data":"==============================================================================\n"}
,{"stream_name":"stdout","time":1.059241891,"data":"REGISTRY -- every stage for the convnexttiny run, unfiltered\n"}
,{"stream_name":"stdout","time":1.059246968,"data":"==============================================================================\n"}
,{"stream_name":"stdout","time":163.540843176,"data":"\n"}
,{"stream_name":"stdout","time":163.540909157,"data":"source: /kaggle/input/notebooks/choudhary15/dermil-convnext-ablation/checkpoints/registry.json\n"}
,{"stream_name":"stdout","time":163.540916609,"data":"  cv/convnexttiny/lesion_mil/fold0           2026-09-04 18:05:30  {'done': True, 'artifacts': {'oof_csv': '/kaggle/working/results/convnexttiny/lesion_mil/oof_fold0.csv', 'roc_auc': 0.9535023041474654, 'best_val': 0.9535023041474654, 'ckpt': '/kaggle/working/checkpoints/convnexttiny/lesion_mil/fold0/best.pt'}}\n"}
,{"stream_name":"stdout","time":163.54092787,"data":"  cv/convnexttiny/lesion_mil/fold1           2026-09-04 18:25:19  {'done': True, 'artifacts': {'oof_csv': '/kaggle/working/results/convnexttiny/lesion_mil/oof_fold1.csv', 'roc_auc': 0.9493951612903225, 'best_val': 0.9493951612903225, 'ckpt': '/kaggle/working/checkpoints/convnexttiny/lesion_mil/fold1/best.pt'}}\n"}
,{"stream_name":"stdout","time":163.540934163,"data":"  cv/convnexttiny/lesion_mil/fold2           2026-09-04 18:42:49  {'done': True, 'artifacts': {'oof_csv': '/kaggle/working/results/convnexttiny/lesion_mil/oof_fold2.csv', 'roc_auc': 0.9474747474747475, 'best_val': 0.9474747474747475, 'ckpt': '/kaggle/working/checkpoints/convnexttiny/lesion_mil/fold2/best.pt'}}\n"}
,{"stream_name":"stdout","time":163.540940498,"data":"  cv/convnexttiny/lesion_mil/fold3           2026-09-04 19:01:38  {'done': True, 'artifacts': {'oof_csv': '/kaggle/working/results/convnexttiny/lesion_mil/oof_fold3.csv', 'roc_auc': 0.9503213957759411, 'best_val': 0.9503213957759411, 'ckpt': '/kaggle/working/checkpoints/convnexttiny/lesion_mil/fold3/best.pt'}}\n"}
,{"stream_name":"stdout","time":163.54094653800001,"data":"  cv/convnexttiny/lesion_mil/fold4           2026-09-04 19:27:21  {'done': True, 'artifacts': {'oof_csv': '/kaggle/working/results/convnexttiny/lesion_mil/oof_fold4.csv', 'roc_auc': 0.9564444444444445, 'best_val': 0.9554978354978354, 'ckpt': '/kaggle/working/checkpoints/convnexttiny/lesion_mil/fold4/best.pt'}}\n"}
,{"stream_name":"stdout","time":163.54095302,"data":"  cv/convnexttiny/mr_mil/fold0               2026-09-04 20:57:47  {'done': True, 'artifacts': {'oof_csv': '/kaggle/working/results/convnexttiny/mr_mil/oof_fold0.csv', 'roc_auc': 0.9944815668202766, 'best_val': 0.9944815668202764, 'ckpt': '/kaggle/working/checkpoints/convnexttiny/mr_mil/fold0/best.pt'}}\n"}
,{"stream_name":"stdout","time":163.5409603,"data":"  cv/convnexttiny/mr_mil/fold1               2026-09-04 22:00:17  {'done': True, 'artifacts': {'oof_csv': '/kaggle/working/results/convnexttiny/mr_mil/oof_fold1.csv', 'roc_auc': 0.9899366359447005, 'best_val': 0.9899366359447005, 'ckpt': '/kaggle/working/checkpoints/convnexttiny/mr_mil/fold1/best.pt'}}\n"}
,{"stream_name":"stdout","time":163.540966468,"data":"  cv/convnexttiny/mr_mil/fold2               2026-09-04 22:57:41  {'done': True, 'artifacts': {'oof_csv': '/kaggle/working/results/convnexttiny/mr_mil/oof_fold2.csv', 'roc_auc': 0.9893882001836547, 'best_val': 0.9893882001836547, 'ckpt': '/kaggle/working/checkpoints/convnexttiny/mr_mil/fold2/best.pt'}}\n"}
,{"stream_name":"stdout","time":163.540972685,"data":"  cv/convnexttiny/mr_mil/fold3               2026-09-05 00:28:13  {'done': True, 'artifacts': {'oof_csv': '/kaggle/working/results/convnexttiny/mr_mil/oof_fold3.csv', 'roc_auc': 0.9969696969696971, 'best_val': 0.996969696969697, 'ckpt': '/kaggle/working/checkpoints/convnexttiny/mr_mil/fold3/best.pt'}}\n"}
,{"stream_name":"stdout","time":163.540997336,"data":"  data/cache/convnexttiny                    2026-09-04 17:47:56  {'done': True, 'artifacts': {'csv': '/kaggle/working/results/convnexttiny/manifest_cached.csv', 'files': 23270, 'built': 23270, 'failed': 0, 'bytes': 1227780264}}\n"}
,{"stream_name":"stdout","time":163.54100221,"data":"  data/thyroidxl/convnexttiny                2026-09-04 17:46:51  {'done': True, 'artifacts': {'csv': '/kaggle/working/results/convnexttiny/manifest.csv', 'n_patients': 4093}}\n"}
,{"stream_name":"stdout","time":163.541007556,"data":"  refit/convnexttiny/lesion_mil              2026-09-05 00:43:50  {'done': True, 'artifacts': {'ckpt': '/kaggle/working/checkpoints/convnexttiny/lesion_mil/final/best.pt'}}\n"}
,{"stream_name":"stdout","time":163.541012619,"data":"  test/convnexttiny/lesion_mil               2026-09-05 00:44:07  {'done': True, 'artifacts': {'predictions': '/kaggle/working/results/convnexttiny/lesion_mil/test_predictions.csv', 'roc_auc': 0.9459628058536014, 'ckpts': ['/kaggle/working/checkpoints/convnexttiny/lesion_mil/final/best.pt']}}\n"}
,{"stream_name":"stderr","time":163.541143922,"data":"Traceback (most recent call last):\n"}
,{"stream_name":"stderr","time":163.541205727,"data":"  File \"/kaggle/src/script.py\", line 81, in \u003cmodule\u003e\n"}
,{"stream_name":"stderr","time":163.543313492,"data":"    shutil.copyfile(src, os.path.join(OUT, \"registry_%d.json\" % hash(dp) % 10000))\n"}
,{"stream_name":"stderr","time":163.543344275,"data":"                                           ~~~~~~~~~~~~~~~~~~~~~~~~~~~~~~^~~~~~~\n"}
,{"stream_name":"stderr","time":163.543373052,"data":"TypeError: not all arguments converted during string formatting\n"}
,{"stream_name":"stderr","time":166.691316298,"data":"/usr/local/lib/python3.12/dist-packages/mistune.py:435: SyntaxWarning: invalid escape sequence '\\|'\n"}
,{"stream_name":"stderr","time":166.691370972,"data":"  cells[i][c] = re.sub('\\\\\\\\\\|', '|', cell)\n"}
,{"stream_name":"stderr","time":167.161275289,"data":"/usr/local/lib/python3.12/dist-packages/nbconvert/filters/filter_links.py:36: SyntaxWarning: invalid escape sequence '\\_'\n"}
,{"stream_name":"stderr","time":167.161309106,"data":"  text = re.sub(r'_', '\\_', text) # Escape underscores in display text\n"}
,{"stream_name":"stderr","time":169.122318485,"data":"[NbConvertApp] Converting notebook __script__.ipynb to html\n"}
,{"stream_name":"stderr","time":170.985638471,"data":"[NbConvertApp] Writing 434841 bytes to __results__.html\n"}
]